[reading source file:	src/Compiler/../Version.sml]
[wrote X64 code file:	src/Compiler/../MLB/RI_GC_M7X64Final/Version.sml.s]
[reading source file:	src/Compiler/../Common/KitCompiler.sml]
[reading source file:	src/Compiler/../Common/KitMain.sml]
[reading source file:	src/Compiler/CompBasis.sml]
[wrote X64 code file:	src/Compiler/MLB/RI_GC_M7X64Final/CompBasis.sml.s]
[reading source file:	src/Compiler/Compile.sml]
[wrote X64 code file:	src/Compiler/MLB/RI_GC_M7X64Final/Compile.sml.s]
[reading source file:	src/Compiler/Backend/CLOS_CONV_ENV.sml]
[reading source file:	src/Compiler/Backend/CLOS_EXP.sml]
[reading source file:	src/Compiler/Backend/FrameLayout.sml]
[wrote X64 code file:	src/Compiler/Backend/MLB/RI_GC_M7X64Final/FrameLayout.sml.s]
[reading source file:	src/Compiler/Backend/CALL_CONV.sml]
[reading source file:	src/Compiler/Backend/BACKEND_INFO.sml]
[reading source file:	src/Compiler/Backend/REGISTER_INFO.sml]
[reading source file:	src/Compiler/Backend/JUMP_TABLES.sml]
[reading source file:	src/Compiler/Backend/PrimName.sml]
[wrote X64 code file:	src/Compiler/Backend/MLB/RI_GC_M7X64Final/PrimName.sml.s]
[reading source file:	src/Compiler/Backend/BackendInfo.sml]
[wrote X64 code file:	src/Compiler/Backend/MLB/RI_GC_M7X64Final/BackendInfo.sml.s]
[reading source file:	src/Compiler/Backend/ClosConvEnv.sml]
[wrote X64 code file:	src/Compiler/Backend/MLB/RI_GC_M7X64Final/ClosConvEnv.sml.s]
[reading source file:	src/Compiler/Backend/CallConv.sml]
[wrote X64 code file:	src/Compiler/Backend/MLB/RI_GC_M7X64Final/CallConv.sml.s]
[reading source file:	src/Compiler/Backend/ClosExp.sml]
[compiling body of functor OrderSet (from source tools.mlb->OrderSet.sml) begin]
[wrote X64 code file:	src/Compiler/Backend/MLB/RI_GC_M7X64Final/ClosExp.sml.code3.s]
[wrote X64 code file:	src/Compiler/Backend/MLB/RI_GC_M7X64Final/ClosExp.sml.code4.s]
[compiling body of functor OrderSet end]
[compiling body of functor OrderSet (from source tools.mlb->OrderSet.sml) begin]
[wrote X64 code file:	src/Compiler/Backend/MLB/RI_GC_M7X64Final/ClosExp.sml.code5.s]
[wrote X64 code file:	src/Compiler/Backend/MLB/RI_GC_M7X64Final/ClosExp.sml.code6.s]
[compiling body of functor OrderSet end]
[compiling body of functor OrderSet (from source tools.mlb->OrderSet.sml) begin]
[wrote X64 code file:	src/Compiler/Backend/MLB/RI_GC_M7X64Final/ClosExp.sml.code7.s]
[wrote X64 code file:	src/Compiler/Backend/MLB/RI_GC_M7X64Final/ClosExp.sml.code8.s]
[compiling body of functor OrderSet end]
[compiling body of functor OrderFinMap (from source tools.mlb->OrderFinMap.sml) begin]
[wrote X64 code file:	src/Compiler/Backend/MLB/RI_GC_M7X64Final/ClosExp.sml.code12.s]
[wrote X64 code file:	src/Compiler/Backend/MLB/RI_GC_M7X64Final/ClosExp.sml.code13.s]
[compiling body of functor OrderFinMap end]
[wrote X64 code file:	src/Compiler/Backend/MLB/RI_GC_M7X64Final/ClosExp.sml.code1.s]
[wrote X64 code file:	src/Compiler/Backend/MLB/RI_GC_M7X64Final/ClosExp.sml.code2.s]
[wrote X64 code file:	src/Compiler/Backend/MLB/RI_GC_M7X64Final/ClosExp.sml.code9.s]
[wrote X64 code file:	src/Compiler/Backend/MLB/RI_GC_M7X64Final/ClosExp.sml.code10.s]
[wrote X64 code file:	src/Compiler/Backend/MLB/RI_GC_M7X64Final/ClosExp.sml.code11.s]
[wrote X64 code file:	src/Compiler/Backend/MLB/RI_GC_M7X64Final/ClosExp.sml.code14.s]
[wrote X64 code file:	src/Compiler/Backend/MLB/RI_GC_M7X64Final/ClosExp.sml.code15.s]
[wrote X64 code file:	src/Compiler/Backend/MLB/RI_GC_M7X64Final/ClosExp.sml.code16.s]
[reading source file:	src/Compiler/Backend/JumpTables.sml]
[wrote X64 code file:	src/Compiler/Backend/MLB/RI_GC_M7X64Final/JumpTables.sml.s]
[reading source file:	src/Compiler/CompileBasis.sml]
[wrote X64 code file:	src/Compiler/MLB/RI_GC_M7X64Final/CompileBasis.sml.s]
[reading source file:	src/Compiler/Backend/LINE_STMT.sml]
[reading source file:	src/Compiler/Backend/REG_ALLOC.sml]
[reading source file:	src/Compiler/Backend/FETCH_AND_FLUSH.sml]
[reading source file:	src/Compiler/Backend/CALC_OFFSET.sml]
[reading source file:	src/Compiler/Backend/SUBST_AND_SIMPLIFY.sml]
[reading source file:	src/Compiler/Backend/LineStmt.sml]
[reading source file:	src/Compiler/Backend/RegAlloc.sml]
[reading source file:	src/Compiler/Backend/FetchAndFlush.sml]
[reading source file:	src/Compiler/Backend/CalcOffset.sml]
[reading source file:	src/Compiler/Backend/SubstAndSimplify.sml]
[reading source file:	src/Compiler/Backend/NativeCompile.sml]
[reading source file:	src/Compiler/Backend/CODE_GEN.sml]
[reading source file:	src/Compiler/Backend/INSTS_BASE.sig]
[reading source file:	src/Compiler/Backend/InstsBase.sml]
[wrote X64 code file:	src/Compiler/Backend/MLB/RI_GC_M7X64Final/InstsBase.sml.s]
[reading source file:	src/Compiler/Backend/CodeGenUtil.sml]
[reading source file:	src/Compiler/Backend/Arm64/AbiArm64.sml]
[wrote X64 code file:	src/Compiler/Backend/Arm64/MLB/RI_GC_M7X64Final/AbiArm64.sml.s]
[reading source file:	src/Compiler/Backend/Arm64/INSTS_ARM64.sml]
[reading source file:	src/Compiler/Backend/Arm64/Arm64Instructions.sml]
[wrote X64 code file:	src/Compiler/Backend/Arm64/MLB/RI_GC_M7X64Final/Arm64Instructions.sml.s]
[reading source file:	src/Compiler/Backend/Arm64/PrintArm64.sml]
[wrote X64 code file:	src/Compiler/Backend/Arm64/MLB/RI_GC_M7X64Final/PrintArm64.sml.s]
[reading source file:	src/Compiler/Backend/Arm64/InstsArm64.sml]
[wrote X64 code file:	src/Compiler/Backend/Arm64/MLB/RI_GC_M7X64Final/InstsArm64.sml.s]
[reading source file:	src/Compiler/Backend/Arm64/CodeGenUtilArm64.sml]
[wrote X64 code file:	src/Compiler/Backend/Arm64/MLB/RI_GC_M7X64Final/CodeGenUtilArm64.sml.s]
[reading source file:	src/Compiler/Backend/Arm64/CodeGenArm64.sml]
[reading source file:	src/Compiler/Backend/Arm64/BackendArm64.sml]
[compiling body of functor NativeCompile (from source nativearm64.mlb->NativeCompile.sml) begin]
[compiling body of functor LineStmt (from source nativearm64.mlb->LineStmt.sml) begin]
[wrote X64 code file:	src/Compiler/Backend/Arm64/MLB/RI_GC_M7X64Final/BackendArm64.sml.code6.s]
[compiling body of functor LineStmt end]
[compiling body of functor RegAlloc (from source nativearm64.mlb->RegAlloc.sml) begin]
[wrote X64 code file:	src/Compiler/Backend/Arm64/MLB/RI_GC_M7X64Final/BackendArm64.sml.code9.s]
[compiling body of functor RegAlloc end]
[compiling body of functor FetchAndFlush (from source nativearm64.mlb->FetchAndFlush.sml) begin]
[wrote X64 code file:	src/Compiler/Backend/Arm64/MLB/RI_GC_M7X64Final/BackendArm64.sml.code12.s]
[compiling body of functor FetchAndFlush end]
[compiling body of functor CalcOffset (from source nativearm64.mlb->CalcOffset.sml) begin]
[wrote X64 code file:	src/Compiler/Backend/Arm64/MLB/RI_GC_M7X64Final/BackendArm64.sml.code13.s]
[wrote X64 code file:	src/Compiler/Backend/Arm64/MLB/RI_GC_M7X64Final/BackendArm64.sml.code15.s]
[compiling body of functor CalcOffset end]
[compiling body of functor SubstAndSimplify (from source nativearm64.mlb->SubstAndSimplify.sml) begin]
[wrote X64 code file:	src/Compiler/Backend/Arm64/MLB/RI_GC_M7X64Final/BackendArm64.sml.code18.s]
[compiling body of functor SubstAndSimplify end]
[wrote X64 code file:	src/Compiler/Backend/Arm64/MLB/RI_GC_M7X64Final/BackendArm64.sml.code19.s]
[compiling body of functor NativeCompile end]
[compiling body of functor CodeGenArm64 (from source nativearm64.mlb->CodeGenArm64.sml) begin]
[wrote X64 code file:	src/Compiler/Backend/Arm64/MLB/RI_GC_M7X64Final/BackendArm64.sml.code22.s]
[compiling body of functor CodeGenArm64 end]
[reading source file:	src/Compiler/Backend/Arm64/ExecutionArm64.sml]
[wrote X64 code file:	src/Compiler/Backend/Arm64/MLB/RI_GC_M7X64Final/ExecutionArm64.sml.s]
[reading source file:	src/Compiler/../Common/KitArm64.sml]
[compiling body of functor KitCompiler (from source compiler.mlb->KitCompiler.sml) begin]
[compiling body of functor ManagerObjects (from source manager.mlb->ManagerObjects.sml) begin]
[compiling body of functor ManagerObjects0 (from source manager.mlb->ManagerObjects0.sml) begin]
[wrote X64 code file:	src/Compiler/../Common/MLB/RI_GC_M7X64Final/KitArm64.sml.code6.s]
[compiling body of functor ManagerObjects0 end]
[compiling body of functor Environment (from source environment.mlb->Environment.sml) begin]
[wrote X64 code file:	src/Compiler/../Common/MLB/RI_GC_M7X64Final/KitArm64.sml.code9.s]
[wrote X64 code file:	src/Compiler/../Common/MLB/RI_GC_M7X64Final/KitArm64.sml.code11.s]
[compiling body of functor Environment end]
[wrote X64 code file:	src/Compiler/../Common/MLB/RI_GC_M7X64Final/KitArm64.sml.code2.s]
[wrote X64 code file:	src/Compiler/../Common/MLB/RI_GC_M7X64Final/KitArm64.sml.code12.s]
[compiling body of functor ManagerObjects end]
[compiling body of functor IntModules (from source manager.mlb->IntModules.sml) begin]
[wrote X64 code file:	src/Compiler/../Common/MLB/RI_GC_M7X64Final/KitArm64.sml.code14.s]
[wrote X64 code file:	src/Compiler/../Common/MLB/RI_GC_M7X64Final/KitArm64.sml.code16.s]
[compiling body of functor IntModules end]
[compiling body of functor Manager (from source manager.mlb->Manager.sml) begin]
[compiling body of functor MlbProject (from source mlbmake.mlb->MlbProject.sml) begin]
[wrote X64 code file:	src/Compiler/../Common/MLB/RI_GC_M7X64Final/KitArm64.sml.code20.s]
[compiling body of functor MlbProject end]
[compiling body of functor MlbMake (from source mlbmake.mlb->MlbMake.sml) begin]
[wrote X64 code file:	src/Compiler/../Common/MLB/RI_GC_M7X64Final/KitArm64.sml.code22.s]
[wrote X64 code file:	src/Compiler/../Common/MLB/RI_GC_M7X64Final/KitArm64.sml.code24.s]
[compiling body of functor MlbMake end]
[wrote X64 code file:	src/Compiler/../Common/MLB/RI_GC_M7X64Final/KitArm64.sml.code19.s]
[wrote X64 code file:	src/Compiler/../Common/MLB/RI_GC_M7X64Final/KitArm64.sml.code21.s]
[wrote X64 code file:	src/Compiler/../Common/MLB/RI_GC_M7X64Final/KitArm64.sml.code25.s]
[compiling body of functor Manager end]
[compiling body of functor Repl (from source manager.mlb->Repl.sml) begin]
[wrote X64 code file:	src/Compiler/../Common/MLB/RI_GC_M7X64Final/KitArm64.sml.code28.s]
[compiling body of functor Repl end]
[wrote X64 code file:	src/Compiler/../Common/MLB/RI_GC_M7X64Final/KitArm64.sml.code1.s]
[wrote X64 code file:	src/Compiler/../Common/MLB/RI_GC_M7X64Final/KitArm64.sml.code13.s]
[wrote X64 code file:	src/Compiler/../Common/MLB/RI_GC_M7X64Final/KitArm64.sml.code29.s]
[compiling body of functor KitCompiler end]
[compiling body of functor KitMain (from source compiler.mlb->KitMain.sml) begin]
[wrote X64 code file:	src/Compiler/../Common/MLB/RI_GC_M7X64Final/KitArm64.sml.code31.s]
[compiling body of functor KitMain end]
[wrote X64 code file:	src/Compiler/../Common/MLB/RI_GC_M7X64Final/KitArm64.sml.code30.s]
[wrote X64 code file:	MLB/RI_GC_M7X64Final/base-link_objects.s]
ld: warning: -ld_classic is deprecated and will be removed in a future release
[wrote executable file:	/private/tmp/mlkit-nogc20-current/mlkit-arm64]
