barnes-hut {"x64": {"seconds": 1.5141550828702748, "cpu_seconds": 1.496526, "peak_rss_bytes": 666169344}, "arm64": {"seconds": 1.0741550840903074, "cpu_seconds": 1.06236, "peak_rss_bytes": 667172864}}
calc {"x64": {"seconds": 1.1458302501123399, "cpu_seconds": 1.131548, "peak_rss_bytes": 337084416}, "arm64": {"seconds": 0.9431168339215219, "cpu_seconds": 0.9305439999999999, "peak_rss_bytes": 340295680}}
DLX {"x64": {"seconds": 0.23802066687494516, "cpu_seconds": 0.22538199999999997, "peak_rss_bytes": 207081472}, "arm64": {"seconds": 0.2441879170946777, "cpu_seconds": 0.23778899999999997, "peak_rss_bytes": 86228992}}
fft {"x64": {"seconds": 0.31400679191574454, "cpu_seconds": 0.303605, "peak_rss_bytes": 58535936}, "arm64": {"seconds": 0.27745425002649426, "cpu_seconds": 0.270422, "peak_rss_bytes": 54902784}}
kbc {"x64": {"seconds": 0.6206380838993937, "cpu_seconds": 0.6115849999999999, "peak_rss_bytes": 8761344}, "arm64": {"seconds": 0.6407344581093639, "cpu_seconds": 0.633242, "peak_rss_bytes": 7372800}}
lexgen {"x64": {"seconds": 0.39953449997119606, "cpu_seconds": 0.388139, "peak_rss_bytes": 69943296}, "arm64": {"seconds": 0.2877203330863267, "cpu_seconds": 0.279763, "peak_rss_bytes": 69140480}}
life {"x64": {"seconds": 0.4933574590831995, "cpu_seconds": 0.483073, "peak_rss_bytes": 32223232}, "arm64": {"seconds": 0.4842360410839319, "cpu_seconds": 0.47826199999999996, "peak_rss_bytes": 30834688}}
logic {"x64": {"seconds": 0.7046469999477267, "cpu_seconds": 0.693337, "peak_rss_bytes": 854872064}, "arm64": {"seconds": 0.4997281669639051, "cpu_seconds": 0.48883299999999996, "peak_rss_bytes": 856276992}}
mandelbrot {"x64": {"seconds": 0.3163812079001218, "cpu_seconds": 0.308394, "peak_rss_bytes": 4132864}, "arm64": {"seconds": 0.19194054207764566, "cpu_seconds": 0.185971, "peak_rss_bytes": 2850816}}
mlyacc {"x64": {"seconds": 0.20880179083906114, "cpu_seconds": 0.19760699999999998, "peak_rss_bytes": 116432896}, "arm64": {"seconds": 0.15324450004845858, "cpu_seconds": 0.1462, "peak_rss_bytes": 113852416}}
mpuz {"x64": {"seconds": 0.28085637488402426, "cpu_seconds": 0.27305799999999997, "peak_rss_bytes": 4157440}, "arm64": {"seconds": 0.3947428329847753, "cpu_seconds": 0.387927, "peak_rss_bytes": 2867200}}
msort {"x64": {"seconds": 0.3877078329678625, "cpu_seconds": 0.37827299999999997, "peak_rss_bytes": 383660032}, "arm64": {"seconds": 0.2895935829728842, "cpu_seconds": 0.27970199999999995, "peak_rss_bytes": 399540224}}
nucleic {"x64": {"seconds": 1.0903728338889778, "cpu_seconds": 1.0729419999999998, "peak_rss_bytes": 1157849088}, "arm64": {"seconds": 0.5713656658772379, "cpu_seconds": 0.562009, "peak_rss_bytes": 1160331264}}
patricia {"x64": {"seconds": 2.1783271660096943, "cpu_seconds": 2.163816, "peak_rss_bytes": 9326592}, "arm64": {"seconds": 1.6277493750676513, "cpu_seconds": 1.614084, "peak_rss_bytes": 7962624}}
professor {"x64": {"seconds": 0.21623874991200864, "cpu_seconds": 0.207226, "peak_rss_bytes": 12607488}, "arm64": {"seconds": 0.18930891691707075, "cpu_seconds": 0.18306899999999998, "peak_rss_bytes": 11124736}}
ray {"x64": {"seconds": 0.34961820812895894, "cpu_seconds": 0.34077299999999994, "peak_rss_bytes": 18698240}, "arm64": {"seconds": 0.2522012498229742, "cpu_seconds": 0.24604399999999998, "peak_rss_bytes": 18300928}}
simple {"x64": {"seconds": 0.4645023331977427, "cpu_seconds": 0.45523399999999997, "peak_rss_bytes": 6369280}, "arm64": {"seconds": 0.5503744590096176, "cpu_seconds": 0.5419849999999999, "peak_rss_bytes": 4800512}}
uf {"x64": {"seconds": 0.1126360830385238, "cpu_seconds": 0.10550599999999999, "peak_rss_bytes": 9854976}, "arm64": {"seconds": 0.1594578749500215, "cpu_seconds": 0.153087, "peak_rss_bytes": 6930432}}
vliw {"x64": {"seconds": 0.47305366583168507, "cpu_seconds": 0.460185, "peak_rss_bytes": 180289536}, "arm64": {"seconds": 0.30523241590708494, "cpu_seconds": 0.296747, "peak_rss_bytes": 179290112}}
zebra {"x64": {"seconds": 0.5653657501097769, "cpu_seconds": 0.55448, "peak_rss_bytes": 125435904}, "arm64": {"seconds": 0.5946466668974608, "cpu_seconds": 0.586571, "peak_rss_bytes": 124633088}}
