[reading source file:	src/Compiler/Backend/X64/INSTS_X64.sml]
[reading source file:	src/Compiler/Backend/X64/InstsX64.sml]
[wrote X64 code file:	src/Compiler/Backend/X64/MLB/RI_GC_M7X64Final/InstsX64.sml.s]
[reading source file:	src/Compiler/Backend/X64/CodeGenUtilX64.sml]
[reading source file:	src/Compiler/Backend/X64/CodeGenX64.sml]
[reading source file:	src/Compiler/Backend/X64/ExecutionX64.sml]
[compiling body of functor NativeCompile (from source nativearm64.mlb->NativeCompile.sml) begin]
[compiling body of functor LineStmt (from source nativearm64.mlb->LineStmt.sml) begin]
[wrote X64 code file:	src/Compiler/Backend/X64/MLB/RI_GC_M7X64Final/ExecutionX64.sml.code7.s]
[compiling body of functor LineStmt end]
[compiling body of functor RegAlloc (from source nativearm64.mlb->RegAlloc.sml) begin]
[wrote X64 code file:	src/Compiler/Backend/X64/MLB/RI_GC_M7X64Final/ExecutionX64.sml.code10.s]
[compiling body of functor RegAlloc end]
[compiling body of functor FetchAndFlush (from source nativearm64.mlb->FetchAndFlush.sml) begin]
[wrote X64 code file:	src/Compiler/Backend/X64/MLB/RI_GC_M7X64Final/ExecutionX64.sml.code13.s]
[compiling body of functor FetchAndFlush end]
[compiling body of functor CalcOffset (from source nativearm64.mlb->CalcOffset.sml) begin]
[wrote X64 code file:	src/Compiler/Backend/X64/MLB/RI_GC_M7X64Final/ExecutionX64.sml.code14.s]
[wrote X64 code file:	src/Compiler/Backend/X64/MLB/RI_GC_M7X64Final/ExecutionX64.sml.code16.s]
[compiling body of functor CalcOffset end]
[compiling body of functor SubstAndSimplify (from source nativearm64.mlb->SubstAndSimplify.sml) begin]
[wrote X64 code file:	src/Compiler/Backend/X64/MLB/RI_GC_M7X64Final/ExecutionX64.sml.code19.s]
[compiling body of functor SubstAndSimplify end]
[wrote X64 code file:	src/Compiler/Backend/X64/MLB/RI_GC_M7X64Final/ExecutionX64.sml.code20.s]
[compiling body of functor NativeCompile end]
[compiling body of functor CodeGenX64 (from source native64.mlb->CodeGenX64.sml) begin]
[compiling body of functor CodeGenUtilX64 (from source native64.mlb->CodeGenUtilX64.sml) begin]
[compiling body of functor CodeGenUtil (from source nativearm64.mlb->CodeGenUtil.sml) begin]
[wrote X64 code file:	src/Compiler/Backend/X64/MLB/RI_GC_M7X64Final/ExecutionX64.sml.code27.s]
[compiling body of functor CodeGenUtil end]
[wrote X64 code file:	src/Compiler/Backend/X64/MLB/RI_GC_M7X64Final/ExecutionX64.sml.code29.s]
[compiling body of functor CodeGenUtilX64 end]
[wrote X64 code file:	src/Compiler/Backend/X64/MLB/RI_GC_M7X64Final/ExecutionX64.sml.code31.s]
[compiling body of functor CodeGenX64 end]
[wrote X64 code file:	src/Compiler/Backend/X64/MLB/RI_GC_M7X64Final/ExecutionX64.sml.code32.s]
[reading source file:	src/Compiler/../Common/KitX64.sml]
[compiling body of functor KitCompiler (from source compiler.mlb->KitCompiler.sml) begin]
[compiling body of functor ManagerObjects (from source manager.mlb->ManagerObjects.sml) begin]
[compiling body of functor ManagerObjects0 (from source manager.mlb->ManagerObjects0.sml) begin]
[wrote X64 code file:	src/Compiler/../Common/MLB/RI_GC_M7X64Final/KitX64.sml.code6.s]
[compiling body of functor ManagerObjects0 end]
[compiling body of functor Environment (from source environment.mlb->Environment.sml) begin]
[wrote X64 code file:	src/Compiler/../Common/MLB/RI_GC_M7X64Final/KitX64.sml.code9.s]
[wrote X64 code file:	src/Compiler/../Common/MLB/RI_GC_M7X64Final/KitX64.sml.code11.s]
[compiling body of functor Environment end]
[wrote X64 code file:	src/Compiler/../Common/MLB/RI_GC_M7X64Final/KitX64.sml.code2.s]
[wrote X64 code file:	src/Compiler/../Common/MLB/RI_GC_M7X64Final/KitX64.sml.code12.s]
[compiling body of functor ManagerObjects end]
[compiling body of functor IntModules (from source manager.mlb->IntModules.sml) begin]
[wrote X64 code file:	src/Compiler/../Common/MLB/RI_GC_M7X64Final/KitX64.sml.code14.s]
[wrote X64 code file:	src/Compiler/../Common/MLB/RI_GC_M7X64Final/KitX64.sml.code16.s]
[compiling body of functor IntModules end]
[compiling body of functor Manager (from source manager.mlb->Manager.sml) begin]
[compiling body of functor MlbProject (from source mlbmake.mlb->MlbProject.sml) begin]
[wrote X64 code file:	src/Compiler/../Common/MLB/RI_GC_M7X64Final/KitX64.sml.code20.s]
[compiling body of functor MlbProject end]
[compiling body of functor MlbMake (from source mlbmake.mlb->MlbMake.sml) begin]
[wrote X64 code file:	src/Compiler/../Common/MLB/RI_GC_M7X64Final/KitX64.sml.code22.s]
[wrote X64 code file:	src/Compiler/../Common/MLB/RI_GC_M7X64Final/KitX64.sml.code24.s]
[compiling body of functor MlbMake end]
[wrote X64 code file:	src/Compiler/../Common/MLB/RI_GC_M7X64Final/KitX64.sml.code19.s]
[wrote X64 code file:	src/Compiler/../Common/MLB/RI_GC_M7X64Final/KitX64.sml.code21.s]
[wrote X64 code file:	src/Compiler/../Common/MLB/RI_GC_M7X64Final/KitX64.sml.code25.s]
[compiling body of functor Manager end]
[compiling body of functor Repl (from source manager.mlb->Repl.sml) begin]
[wrote X64 code file:	src/Compiler/../Common/MLB/RI_GC_M7X64Final/KitX64.sml.code28.s]
[compiling body of functor Repl end]
[wrote X64 code file:	src/Compiler/../Common/MLB/RI_GC_M7X64Final/KitX64.sml.code1.s]
[wrote X64 code file:	src/Compiler/../Common/MLB/RI_GC_M7X64Final/KitX64.sml.code13.s]
[wrote X64 code file:	src/Compiler/../Common/MLB/RI_GC_M7X64Final/KitX64.sml.code29.s]
[compiling body of functor KitCompiler end]
[compiling body of functor KitMain (from source compiler.mlb->KitMain.sml) begin]
[wrote X64 code file:	src/Compiler/../Common/MLB/RI_GC_M7X64Final/KitX64.sml.code31.s]
[compiling body of functor KitMain end]
[wrote X64 code file:	src/Compiler/../Common/MLB/RI_GC_M7X64Final/KitX64.sml.code30.s]
[wrote X64 code file:	MLB/RI_GC_M7X64Final/base-link_objects.s]
ld: warning: -ld_classic is deprecated and will be removed in a future release
[wrote executable file:	/private/tmp/mlkit-nogc20-current/mlkit-x64]
