Built barnes-hut x64
Built barnes-hut arm64
Built calc x64
Built calc arm64
Built DLX x64
Built DLX arm64
Built fft x64
Built fft arm64
Built kbc x64
Built kbc arm64
Built lexgen x64
Built lexgen arm64
Built life x64
Built life arm64
Built logic x64
Built logic arm64
Built mandelbrot x64
Built mandelbrot arm64
Built mlyacc x64
Built mlyacc arm64
Built mpuz x64
Built mpuz arm64
Built msort x64
Built msort arm64
Built nucleic x64
Built nucleic arm64
Built patricia x64
Built patricia arm64
Built professor x64
Built professor arm64
Built ray x64
Built ray arm64
Built simple x64
Built simple arm64
Built uf x64
Built uf arm64
Built vliw x64
Built vliw arm64
Built zebra x64
Built zebra arm64
