barnes-hut {"x64": {"seconds": 0.851644542068243, "cpu_seconds": 0.847053, "peak_rss_bytes": 5746688}, "arm64": {"seconds": 0.8405249579809606, "cpu_seconds": 0.8363229999999999, "peak_rss_bytes": 4489216}}
calc {"x64": {"seconds": 1.95567850000225, "cpu_seconds": 1.948773, "peak_rss_bytes": 90759168}, "arm64": {"seconds": 1.205529041821137, "cpu_seconds": 1.200756, "peak_rss_bytes": 70090752}}
DLX {"x64": {"seconds": 0.35749387508258224, "cpu_seconds": 0.351435, "peak_rss_bytes": 28487680}, "arm64": {"seconds": 0.24199233390390873, "cpu_seconds": 0.237355, "peak_rss_bytes": 78282752}}
fft {"x64": {"seconds": 0.3634631249587983, "cpu_seconds": 0.35516699999999995, "peak_rss_bytes": 86241280}, "arm64": {"seconds": 0.28739016596227884, "cpu_seconds": 0.28211400000000003, "peak_rss_bytes": 83050496}}
kbc {"x64": {"seconds": 0.751230999827385, "cpu_seconds": 0.7436539999999999, "peak_rss_bytes": 11395072}, "arm64": {"seconds": 0.6692893339786679, "cpu_seconds": 0.664732, "peak_rss_bytes": 10059776}}
lexgen {"x64": {"seconds": 0.4229425420053303, "cpu_seconds": 0.41707, "peak_rss_bytes": 15257600}, "arm64": {"seconds": 0.3252912920434028, "cpu_seconds": 0.320609, "peak_rss_bytes": 13598720}}
life {"x64": {"seconds": 0.8026249578688294, "cpu_seconds": 0.791383, "peak_rss_bytes": 4628480}, "arm64": {"seconds": 0.6523217081557959, "cpu_seconds": 0.648547, "peak_rss_bytes": 3080192}}
logic {"x64": {"seconds": 1.06867166608572, "cpu_seconds": 1.061306, "peak_rss_bytes": 5447680}, "arm64": {"seconds": 0.8045132081024349, "cpu_seconds": 0.799708, "peak_rss_bytes": 3702784}}
mandelbrot {"x64": {"seconds": 0.3035835830960423, "cpu_seconds": 0.297639, "peak_rss_bytes": 4255744}, "arm64": {"seconds": 0.19429270806722343, "cpu_seconds": 0.190525, "peak_rss_bytes": 3031040}}
mlyacc {"x64": {"seconds": 0.189562208019197, "cpu_seconds": 0.182563, "peak_rss_bytes": 18767872}, "arm64": {"seconds": 0.14629516610875726, "cpu_seconds": 0.141913, "peak_rss_bytes": 15859712}}
mpuz {"x64": {"seconds": 0.41543175000697374, "cpu_seconds": 0.407323, "peak_rss_bytes": 4296704}, "arm64": {"seconds": 0.4081983750220388, "cpu_seconds": 0.40285299999999996, "peak_rss_bytes": 3031040}}
msort {"x64": {"seconds": 0.5392298330552876, "cpu_seconds": 0.527061, "peak_rss_bytes": 138805248}, "arm64": {"seconds": 0.46285987505689263, "cpu_seconds": 0.45323099999999994, "peak_rss_bytes": 153878528}}
nucleic {"x64": {"seconds": 0.9795019580051303, "cpu_seconds": 0.9712569999999999, "peak_rss_bytes": 6905856}, "arm64": {"seconds": 0.6598497920203954, "cpu_seconds": 0.653458, "peak_rss_bytes": 4980736}}
patricia {"x64": {"seconds": 3.827660000184551, "cpu_seconds": 3.805895, "peak_rss_bytes": 7114752}, "arm64": {"seconds": 3.761300333077088, "cpu_seconds": 3.7459700000000002, "peak_rss_bytes": 5685248}}
professor {"x64": {"seconds": 0.24509470793418586, "cpu_seconds": 0.238528, "peak_rss_bytes": 5226496}, "arm64": {"seconds": 0.2018365419935435, "cpu_seconds": 0.197405, "peak_rss_bytes": 3932160}}
ray {"x64": {"seconds": 0.36316145909950137, "cpu_seconds": 0.357387, "peak_rss_bytes": 15126528}, "arm64": {"seconds": 0.28500829194672406, "cpu_seconds": 0.280184, "peak_rss_bytes": 12877824}}
simple {"x64": {"seconds": 0.5743263340555131, "cpu_seconds": 0.568555, "peak_rss_bytes": 7372800}, "arm64": {"seconds": 0.5025654579512775, "cpu_seconds": 0.498353, "peak_rss_bytes": 5914624}}
uf {"x64": {"seconds": 0.1341853749472648, "cpu_seconds": 0.127918, "peak_rss_bytes": 10035200}, "arm64": {"seconds": 0.17687216587364674, "cpu_seconds": 0.17242999999999997, "peak_rss_bytes": 7946240}}
vliw {"x64": {"seconds": 0.47540191607549787, "cpu_seconds": 0.470152, "peak_rss_bytes": 19480576}, "arm64": {"seconds": 0.3254674579948187, "cpu_seconds": 0.32067199999999996, "peak_rss_bytes": 15859712}}
zebra {"x64": {"seconds": 0.7331614999566227, "cpu_seconds": 0.727607, "peak_rss_bytes": 4669440}, "arm64": {"seconds": 0.7079260000027716, "cpu_seconds": 0.7026669999999999, "peak_rss_bytes": 3096576}}
