gcc -std=gnu23 -Wall -std=gnu99 -fPIC  -O2 -g -arch x86_64 -iquote . -Ibuild/darwin-x86_64 -include Target.h gen_syserror.c -o build/darwin-x86_64/gen_syserror
build/darwin-x86_64/gen_syserror > build/darwin-x86_64/SysErrTable.h.tmp
mv build/darwin-x86_64/SysErrTable.h.tmp build/darwin-x86_64/SysErrTable.h
gcc -std=gnu23 -Wall -std=gnu99 -fPIC  -O2 -g -arch x86_64 -iquote . -Ibuild/darwin-x86_64 -include Target.h -DTAG_VALUES -DTAG_FREE_PAIRS -DENABLE_GC -MMD -MP -c Runtime.c -o build/darwin-x86_64/gc/Runtime.o
gcc -std=gnu23 -Wall -std=gnu99 -fPIC  -O2 -g -arch x86_64 -iquote . -Ibuild/darwin-x86_64 -include Target.h -DTAG_VALUES -DTAG_FREE_PAIRS -DENABLE_GC -MMD -MP -c IO.c -o build/darwin-x86_64/gc/IO.o
gcc -std=gnu23 -Wall -std=gnu99 -fPIC  -O2 -g -arch x86_64 -iquote . -Ibuild/darwin-x86_64 -include Target.h -DTAG_VALUES -DTAG_FREE_PAIRS -DENABLE_GC -MMD -MP -c String.c -o build/darwin-x86_64/gc/String.o
gcc -std=gnu23 -Wall -std=gnu99 -fPIC  -O2 -g -arch x86_64 -iquote . -Ibuild/darwin-x86_64 -include Target.h -DTAG_VALUES -DTAG_FREE_PAIRS -DENABLE_GC -MMD -MP -c Math.c -o build/darwin-x86_64/gc/Math.o
gcc -std=gnu23 -Wall -std=gnu99 -fPIC  -O2 -g -arch x86_64 -iquote . -Ibuild/darwin-x86_64 -include Target.h -DTAG_VALUES -DTAG_FREE_PAIRS -DENABLE_GC -MMD -MP -c Region.c -o build/darwin-x86_64/gc/Region.o
gcc -std=gnu23 -Wall -std=gnu99 -fPIC  -O2 -g -arch x86_64 -iquote . -Ibuild/darwin-x86_64 -include Target.h -DTAG_VALUES -DTAG_FREE_PAIRS -DENABLE_GC -MMD -MP -c Icp.c -o build/darwin-x86_64/gc/Icp.o
gcc -std=gnu23 -Wall -std=gnu99 -fPIC  -O2 -g -arch x86_64 -iquote . -Ibuild/darwin-x86_64 -include Target.h -DTAG_VALUES -DTAG_FREE_PAIRS -DENABLE_GC -MMD -MP -c Table.c -o build/darwin-x86_64/gc/Table.o
gcc -std=gnu23 -Wall -std=gnu99 -fPIC  -O2 -g -arch x86_64 -iquote . -Ibuild/darwin-x86_64 -include Target.h -DTAG_VALUES -DTAG_FREE_PAIRS -DENABLE_GC -MMD -MP -c Time.c -o build/darwin-x86_64/gc/Time.o
gcc -std=gnu23 -Wall -std=gnu99 -fPIC  -O2 -g -arch x86_64 -iquote . -Ibuild/darwin-x86_64 -include Target.h -DTAG_VALUES -DTAG_FREE_PAIRS -DENABLE_GC -MMD -MP -c Profiling.c -o build/darwin-x86_64/gc/Profiling.o
gcc -std=gnu23 -Wall -std=gnu99 -fPIC  -O2 -g -arch x86_64 -iquote . -Ibuild/darwin-x86_64 -include Target.h -DTAG_VALUES -DTAG_FREE_PAIRS -DENABLE_GC -MMD -MP -c CommandLine.c -o build/darwin-x86_64/gc/CommandLine.o
gcc -std=gnu23 -Wall -std=gnu99 -fPIC  -O2 -g -arch x86_64 -iquote . -Ibuild/darwin-x86_64 -include Target.h -DTAG_VALUES -DTAG_FREE_PAIRS -DENABLE_GC -MMD -MP -c Posix.c -o build/darwin-x86_64/gc/Posix.o
gcc -std=gnu23 -Wall -std=gnu99 -fPIC  -O2 -g -arch x86_64 -iquote . -Ibuild/darwin-x86_64 -include Target.h -DTAG_VALUES -DTAG_FREE_PAIRS -DENABLE_GC -MMD -MP -c Dlsym.c -o build/darwin-x86_64/gc/Dlsym.o
gcc -std=gnu23 -Wall -std=gnu99 -fPIC  -O2 -g -arch x86_64 -iquote . -Ibuild/darwin-x86_64 -include Target.h -DTAG_VALUES -DTAG_FREE_PAIRS -DENABLE_GC -MMD -MP -c Export.c -o build/darwin-x86_64/gc/Export.o
gcc -std=gnu23 -Wall -std=gnu99 -fPIC  -O2 -g -arch x86_64 -iquote . -Ibuild/darwin-x86_64 -include Target.h -DTAG_VALUES -DTAG_FREE_PAIRS -DENABLE_GC -MMD -MP -c Socket.c -o build/darwin-x86_64/gc/Socket.o
gcc -std=gnu23 -Wall -std=gnu99 -fPIC  -O2 -g -arch x86_64 -iquote . -Ibuild/darwin-x86_64 -include Target.h -DTAG_VALUES -DTAG_FREE_PAIRS -DENABLE_GC -MMD -MP -c Repl.c -o build/darwin-x86_64/gc/Repl.o
gcc -std=gnu23 -Wall -std=gnu99 -fPIC  -O2 -g -arch x86_64 -iquote . -Ibuild/darwin-x86_64 -include Target.h -DTAG_VALUES -DTAG_FREE_PAIRS -DENABLE_GC -MMD -MP -c Layout.c -o build/darwin-x86_64/gc/Layout.o
gcc -std=gnu23 -Wall -std=gnu99 -fPIC  -O2 -g -arch x86_64 -iquote . -Ibuild/darwin-x86_64 -include Target.h -DTAG_VALUES -DTAG_FREE_PAIRS -DENABLE_GC -MMD -MP -c Arm64GC.c -o build/darwin-x86_64/gc/Arm64GC.o
gcc -std=gnu23 -Wall -std=gnu99 -fPIC  -O2 -g -arch x86_64 -iquote . -Ibuild/darwin-x86_64 -include Target.h -DTAG_VALUES -DTAG_FREE_PAIRS -DENABLE_GC -MMD -MP -c ../CUtils/hashmap.c -o build/darwin-x86_64/gc/hashmap.o
gcc -std=gnu23 -Wall -std=gnu99 -fPIC  -O2 -g -arch x86_64 -iquote . -Ibuild/darwin-x86_64 -include Target.h -DTAG_VALUES -DTAG_FREE_PAIRS -DENABLE_GC -MMD -MP -c ../CUtils/hashmap_typed.c -o build/darwin-x86_64/gc/hashmap_typed.o
gcc -std=gnu23 -Wall -std=gnu99 -fPIC  -O2 -g -arch x86_64 -iquote . -Ibuild/darwin-x86_64 -include Target.h -DTAG_VALUES -DTAG_FREE_PAIRS -DENABLE_GC -MMD -MP -c GC.c -o build/darwin-x86_64/gc/GC.o
rm -f build/darwin-x86_64/runtimeSystemGC.a
ar rc build/darwin-x86_64/runtimeSystemGC.a build/darwin-x86_64/gc/Runtime.o build/darwin-x86_64/gc/IO.o build/darwin-x86_64/gc/String.o build/darwin-x86_64/gc/Math.o build/darwin-x86_64/gc/Region.o build/darwin-x86_64/gc/Icp.o build/darwin-x86_64/gc/Table.o build/darwin-x86_64/gc/Time.o build/darwin-x86_64/gc/Profiling.o build/darwin-x86_64/gc/CommandLine.o build/darwin-x86_64/gc/Posix.o build/darwin-x86_64/gc/Dlsym.o build/darwin-x86_64/gc/Export.o build/darwin-x86_64/gc/Socket.o build/darwin-x86_64/gc/Repl.o build/darwin-x86_64/gc/Layout.o build/darwin-x86_64/gc/Arm64GC.o build/darwin-x86_64/gc/hashmap.o build/darwin-x86_64/gc/hashmap_typed.o build/darwin-x86_64/gc/GC.o
../../mkinstalldirs ../../lib/darwin-x86_64
/usr/local/bin/ginstall -c -m 644 build/darwin-x86_64/runtimeSystemGC.a ../../lib/darwin-x86_64/runtimeSystemGC.a
/usr/local/bin/ginstall -c -m 644 build/darwin-x86_64/runtimeSystemGC.a ../../lib/runtimeSystemGC.a
